[INFO] Scanning for projects...
[INFO] 
[INFO] -------------------< com.smartplanner:smartplanner >--------------------
[INFO] Building smartplanner 0.0.1-SNAPSHOT
[INFO]   from pom.xml
[INFO] --------------------------------[ jar ]---------------------------------
[INFO] 
[INFO] --- clean:3.4.0:clean (default-clean) @ smartplanner ---
[INFO] Deleting D:\SmartPlanner\smartplanner\smartplanner\target
[INFO] 
[INFO] --- resources:3.3.1:resources (default-resources) @ smartplanner ---
[INFO] Copying 1 resource from src\main\resources to target\classes
[INFO] ------------------------------------------------------------------------
[INFO] BUILD FAILURE
[INFO] ------------------------------------------------------------------------
[INFO] Total time:  1.222 s
[INFO] Finished at: 2026-02-14T11:08:10+07:00
[INFO] ------------------------------------------------------------------------
[ERROR] Failed to execute goal org.apache.maven.plugins:maven-resources-plugin:3.3.1:resources (default-resources) on project smartplanner: filtering D:\SmartPlanner\smartplanner\smartplanner\src\main\resources\application.properties to D:\SmartPlanner\smartplanner\smartplanner\target\classes\application.properties failed with MalformedInputException: Input length = 1 -> [Help 1]
[ERROR] 
[ERROR] To see the full stack trace of the errors, re-run Maven with the -e switch.
[ERROR] Re-run Maven using the -X switch to enable full debug logging.
[ERROR] 
[ERROR] For more information about the errors and possible solutions, please read the following articles:
[ERROR] [Help 1] http://cwiki.apache.org/confluence/display/MAVEN/MojoExecutionException
